../../Drivers/STM32N6xx_HAL_Driver/Inc/stm32n6xx_ll_rcc.h:1759:26:LL_RCC_HSE_IsSelectedHSEDiv2AsDiv2Clock	4	static
../../Drivers/STM32N6xx_HAL_Driver/Inc/stm32n6xx_ll_rcc.h:1789:26:LL_RCC_HSE_IsReady	4	static
../../Drivers/STM32N6xx_HAL_Driver/Inc/stm32n6xx_ll_rcc.h:1807:22:LL_RCC_HSI_Enable	4	static
../../Drivers/STM32N6xx_HAL_Driver/Inc/stm32n6xx_ll_rcc.h:1827:26:LL_RCC_HSI_IsReady	4	static
../../Drivers/STM32N6xx_HAL_Driver/Inc/stm32n6xx_ll_rcc.h:1842:22:LL_RCC_HSI_SetDivider	16	static
../../Drivers/STM32N6xx_HAL_Driver/Inc/stm32n6xx_ll_rcc.h:1856:26:LL_RCC_HSI_GetDivider	4	static
../../Drivers/STM32N6xx_HAL_Driver/Inc/stm32n6xx_ll_rcc.h:1961:26:LL_RCC_MSI_IsReady	4	static
../../Drivers/STM32N6xx_HAL_Driver/Inc/stm32n6xx_ll_rcc.h:2212:26:LL_RCC_LSE_IsReady	4	static
../../Drivers/STM32N6xx_HAL_Driver/Inc/stm32n6xx_ll_rcc.h:2282:26:LL_RCC_LSI_IsReady	4	static
../../Drivers/STM32N6xx_HAL_Driver/Inc/stm32n6xx_ll_rcc.h:2319:26:LL_RCC_GetCpuClkSource	4	static
../../Drivers/STM32N6xx_HAL_Driver/Inc/stm32n6xx_ll_rcc.h:2348:26:LL_RCC_GetSysClkSource	4	static
../../Drivers/STM32N6xx_HAL_Driver/Inc/stm32n6xx_ll_rcc.h:2410:26:LL_RCC_GetAHBPrescaler	4	static
../../Drivers/STM32N6xx_HAL_Driver/Inc/stm32n6xx_ll_rcc.h:2447:26:LL_RCC_GetAPB1Prescaler	4	static
../../Drivers/STM32N6xx_HAL_Driver/Inc/stm32n6xx_ll_rcc.h:2484:26:LL_RCC_GetAPB2Prescaler	4	static
../../Drivers/STM32N6xx_HAL_Driver/Inc/stm32n6xx_ll_rcc.h:2521:26:LL_RCC_GetAPB4Prescaler	4	static
../../Drivers/STM32N6xx_HAL_Driver/Inc/stm32n6xx_ll_rcc.h:2558:26:LL_RCC_GetAPB5Prescaler	4	static
../../Drivers/STM32N6xx_HAL_Driver/Inc/stm32n6xx_ll_rcc.h:3104:26:LL_RCC_GetETH1PTPDivider	4	static
../../Drivers/STM32N6xx_HAL_Driver/Inc/stm32n6xx_ll_rcc.h:3930:26:LL_RCC_GetClockSource	24	static
../../Drivers/STM32N6xx_HAL_Driver/Inc/stm32n6xx_ll_rcc.h:3951:26:LL_RCC_GetADCClockSource	16	static
../../Drivers/STM32N6xx_HAL_Driver/Inc/stm32n6xx_ll_rcc.h:3972:26:LL_RCC_GetADFClockSource	16	static
../../Drivers/STM32N6xx_HAL_Driver/Inc/stm32n6xx_ll_rcc.h:3993:26:LL_RCC_GetCLKPClockSource	16	static
../../Drivers/STM32N6xx_HAL_Driver/Inc/stm32n6xx_ll_rcc.h:4010:26:LL_RCC_GetDCMIPPClockSource	16	static
../../Drivers/STM32N6xx_HAL_Driver/Inc/stm32n6xx_ll_rcc.h:4027:26:LL_RCC_GetETHClockSource	16	static
../../Drivers/STM32N6xx_HAL_Driver/Inc/stm32n6xx_ll_rcc.h:4044:26:LL_RCC_GetETHPTPClockSource	16	static
../../Drivers/STM32N6xx_HAL_Driver/Inc/stm32n6xx_ll_rcc.h:4107:26:LL_RCC_GetFDCANClockSource	16	static
../../Drivers/STM32N6xx_HAL_Driver/Inc/stm32n6xx_ll_rcc.h:4124:26:LL_RCC_GetFMCClockSource	16	static
../../Drivers/STM32N6xx_HAL_Driver/Inc/stm32n6xx_ll_rcc.h:4167:26:LL_RCC_GetI2CClockSource	16	static
../../Drivers/STM32N6xx_HAL_Driver/Inc/stm32n6xx_ll_rcc.h:4193:26:LL_RCC_GetI3CClockSource	16	static
../../Drivers/STM32N6xx_HAL_Driver/Inc/stm32n6xx_ll_rcc.h:4245:26:LL_RCC_GetLPTIMClockSource	16	static
../../Drivers/STM32N6xx_HAL_Driver/Inc/stm32n6xx_ll_rcc.h:4264:26:LL_RCC_GetLPUARTClockSource	16	static
../../Drivers/STM32N6xx_HAL_Driver/Inc/stm32n6xx_ll_rcc.h:4281:26:LL_RCC_GetLTDCClockSource	16	static
../../Drivers/STM32N6xx_HAL_Driver/Inc/stm32n6xx_ll_rcc.h:4302:26:LL_RCC_GetMDFClockSource	16	static
../../Drivers/STM32N6xx_HAL_Driver/Inc/stm32n6xx_ll_rcc.h:4325:26:LL_RCC_GetOTGPHYClockSource	16	static
../../Drivers/STM32N6xx_HAL_Driver/Inc/stm32n6xx_ll_rcc.h:4343:26:LL_RCC_GetOTGPHYCKREFClockSource	16	static
../../Drivers/STM32N6xx_HAL_Driver/Inc/stm32n6xx_ll_rcc.h:4359:26:LL_RCC_GetPSSIClockSource	16	static
../../Drivers/STM32N6xx_HAL_Driver/Inc/stm32n6xx_ll_rcc.h:4390:26:LL_RCC_GetSAIClockSource	16	static
../../Drivers/STM32N6xx_HAL_Driver/Inc/stm32n6xx_ll_rcc.h:4412:26:LL_RCC_GetSDMMCClockSource	16	static
../../Drivers/STM32N6xx_HAL_Driver/Inc/stm32n6xx_ll_rcc.h:4431:26:LL_RCC_GetSPDIFRXClockSource	16	static
../../Drivers/STM32N6xx_HAL_Driver/Inc/stm32n6xx_ll_rcc.h:4496:26:LL_RCC_GetSPIClockSource	16	static
../../Drivers/STM32N6xx_HAL_Driver/Inc/stm32n6xx_ll_rcc.h:4551:26:LL_RCC_GetUSARTClockSource	16	static
../../Drivers/STM32N6xx_HAL_Driver/Inc/stm32n6xx_ll_rcc.h:4607:26:LL_RCC_GetUARTClockSource	16	static
../../Drivers/STM32N6xx_HAL_Driver/Inc/stm32n6xx_ll_rcc.h:4666:26:LL_RCC_GetXSPIClockSource	16	static
../../Drivers/STM32N6xx_HAL_Driver/Inc/stm32n6xx_ll_rcc.h:4941:26:LL_RCC_GetTIMPrescaler	4	static
../../Drivers/STM32N6xx_HAL_Driver/Inc/stm32n6xx_ll_rcc.h:4979:26:LL_RCC_PLL1_GetSource	4	static
../../Drivers/STM32N6xx_HAL_Driver/Inc/stm32n6xx_ll_rcc.h:5010:26:LL_RCC_PLL1_IsReady	4	static
../../Drivers/STM32N6xx_HAL_Driver/Inc/stm32n6xx_ll_rcc.h:5183:26:LL_RCC_PLL1_GetN	4	static
../../Drivers/STM32N6xx_HAL_Driver/Inc/stm32n6xx_ll_rcc.h:5204:26:LL_RCC_PLL1_GetM	4	static
../../Drivers/STM32N6xx_HAL_Driver/Inc/stm32n6xx_ll_rcc.h:5225:26:LL_RCC_PLL1_GetP1	4	static
../../Drivers/STM32N6xx_HAL_Driver/Inc/stm32n6xx_ll_rcc.h:5246:26:LL_RCC_PLL1_GetP2	4	static
../../Drivers/STM32N6xx_HAL_Driver/Inc/stm32n6xx_ll_rcc.h:5278:26:LL_RCC_PLL1P_IsEnabled	4	static
../../Drivers/STM32N6xx_HAL_Driver/Inc/stm32n6xx_ll_rcc.h:5299:26:LL_RCC_PLL1_GetFRACN	4	static
../../Drivers/STM32N6xx_HAL_Driver/Inc/stm32n6xx_ll_rcc.h:5329:26:LL_RCC_PLL2_GetSource	4	static
../../Drivers/STM32N6xx_HAL_Driver/Inc/stm32n6xx_ll_rcc.h:5360:26:LL_RCC_PLL2_IsReady	4	static
../../Drivers/STM32N6xx_HAL_Driver/Inc/stm32n6xx_ll_rcc.h:5533:26:LL_RCC_PLL2_GetN	4	static
../../Drivers/STM32N6xx_HAL_Driver/Inc/stm32n6xx_ll_rcc.h:5554:26:LL_RCC_PLL2_GetM	4	static
../../Drivers/STM32N6xx_HAL_Driver/Inc/stm32n6xx_ll_rcc.h:5575:26:LL_RCC_PLL2_GetP1	4	static
../../Drivers/STM32N6xx_HAL_Driver/Inc/stm32n6xx_ll_rcc.h:5596:26:LL_RCC_PLL2_GetP2	4	static
../../Drivers/STM32N6xx_HAL_Driver/Inc/stm32n6xx_ll_rcc.h:5628:26:LL_RCC_PLL2P_IsEnabled	4	static
../../Drivers/STM32N6xx_HAL_Driver/Inc/stm32n6xx_ll_rcc.h:5649:26:LL_RCC_PLL2_GetFRACN	4	static
../../Drivers/STM32N6xx_HAL_Driver/Inc/stm32n6xx_ll_rcc.h:5679:26:LL_RCC_PLL3_GetSource	4	static
../../Drivers/STM32N6xx_HAL_Driver/Inc/stm32n6xx_ll_rcc.h:5710:26:LL_RCC_PLL3_IsReady	4	static
../../Drivers/STM32N6xx_HAL_Driver/Inc/stm32n6xx_ll_rcc.h:5883:26:LL_RCC_PLL3_GetN	4	static
../../Drivers/STM32N6xx_HAL_Driver/Inc/stm32n6xx_ll_rcc.h:5904:26:LL_RCC_PLL3_GetM	4	static
../../Drivers/STM32N6xx_HAL_Driver/Inc/stm32n6xx_ll_rcc.h:5925:26:LL_RCC_PLL3_GetP1	4	static
../../Drivers/STM32N6xx_HAL_Driver/Inc/stm32n6xx_ll_rcc.h:5946:26:LL_RCC_PLL3_GetP2	4	static
../../Drivers/STM32N6xx_HAL_Driver/Inc/stm32n6xx_ll_rcc.h:5978:26:LL_RCC_PLL3P_IsEnabled	4	static
../../Drivers/STM32N6xx_HAL_Driver/Inc/stm32n6xx_ll_rcc.h:5999:26:LL_RCC_PLL3_GetFRACN	4	static
../../Drivers/STM32N6xx_HAL_Driver/Inc/stm32n6xx_ll_rcc.h:6029:26:LL_RCC_PLL4_GetSource	4	static
../../Drivers/STM32N6xx_HAL_Driver/Inc/stm32n6xx_ll_rcc.h:6060:26:LL_RCC_PLL4_IsReady	4	static
../../Drivers/STM32N6xx_HAL_Driver/Inc/stm32n6xx_ll_rcc.h:6233:26:LL_RCC_PLL4_GetN	4	static
../../Drivers/STM32N6xx_HAL_Driver/Inc/stm32n6xx_ll_rcc.h:6254:26:LL_RCC_PLL4_GetM	4	static
../../Drivers/STM32N6xx_HAL_Driver/Inc/stm32n6xx_ll_rcc.h:6275:26:LL_RCC_PLL4_GetP1	4	static
../../Drivers/STM32N6xx_HAL_Driver/Inc/stm32n6xx_ll_rcc.h:6296:26:LL_RCC_PLL4_GetP2	4	static
../../Drivers/STM32N6xx_HAL_Driver/Inc/stm32n6xx_ll_rcc.h:6328:26:LL_RCC_PLL4P_IsEnabled	4	static
../../Drivers/STM32N6xx_HAL_Driver/Inc/stm32n6xx_ll_rcc.h:6349:26:LL_RCC_PLL4_GetFRACN	4	static
../../Drivers/STM32N6xx_HAL_Driver/Inc/stm32n6xx_ll_rcc.h:6408:26:LL_RCC_IC1_GetSource	4	static
../../Drivers/STM32N6xx_HAL_Driver/Inc/stm32n6xx_ll_rcc.h:6429:26:LL_RCC_IC1_GetDivider	4	static
../../Drivers/STM32N6xx_HAL_Driver/Inc/stm32n6xx_ll_rcc.h:6488:26:LL_RCC_IC2_GetSource	4	static
../../Drivers/STM32N6xx_HAL_Driver/Inc/stm32n6xx_ll_rcc.h:6509:26:LL_RCC_IC2_GetDivider	4	static
../../Drivers/STM32N6xx_HAL_Driver/Inc/stm32n6xx_ll_rcc.h:6539:26:LL_RCC_IC3_IsEnabled	4	static
../../Drivers/STM32N6xx_HAL_Driver/Inc/stm32n6xx_ll_rcc.h:6568:26:LL_RCC_IC3_GetSource	4	static
../../Drivers/STM32N6xx_HAL_Driver/Inc/stm32n6xx_ll_rcc.h:6589:26:LL_RCC_IC3_GetDivider	4	static
../../Drivers/STM32N6xx_HAL_Driver/Inc/stm32n6xx_ll_rcc.h:6619:26:LL_RCC_IC4_IsEnabled	4	static
../../Drivers/STM32N6xx_HAL_Driver/Inc/stm32n6xx_ll_rcc.h:6648:26:LL_RCC_IC4_GetSource	4	static
../../Drivers/STM32N6xx_HAL_Driver/Inc/stm32n6xx_ll_rcc.h:6669:26:LL_RCC_IC4_GetDivider	4	static
../../Drivers/STM32N6xx_HAL_Driver/Inc/stm32n6xx_ll_rcc.h:6699:26:LL_RCC_IC5_IsEnabled	4	static
../../Drivers/STM32N6xx_HAL_Driver/Inc/stm32n6xx_ll_rcc.h:6728:26:LL_RCC_IC5_GetSource	4	static
../../Drivers/STM32N6xx_HAL_Driver/Inc/stm32n6xx_ll_rcc.h:6749:26:LL_RCC_IC5_GetDivider	4	static
../../Drivers/STM32N6xx_HAL_Driver/Inc/stm32n6xx_ll_rcc.h:6859:26:LL_RCC_IC7_IsEnabled	4	static
../../Drivers/STM32N6xx_HAL_Driver/Inc/stm32n6xx_ll_rcc.h:6888:26:LL_RCC_IC7_GetSource	4	static
../../Drivers/STM32N6xx_HAL_Driver/Inc/stm32n6xx_ll_rcc.h:6909:26:LL_RCC_IC7_GetDivider	4	static
../../Drivers/STM32N6xx_HAL_Driver/Inc/stm32n6xx_ll_rcc.h:6939:26:LL_RCC_IC8_IsEnabled	4	static
../../Drivers/STM32N6xx_HAL_Driver/Inc/stm32n6xx_ll_rcc.h:6968:26:LL_RCC_IC8_GetSource	4	static
../../Drivers/STM32N6xx_HAL_Driver/Inc/stm32n6xx_ll_rcc.h:6989:26:LL_RCC_IC8_GetDivider	4	static
../../Drivers/STM32N6xx_HAL_Driver/Inc/stm32n6xx_ll_rcc.h:7019:26:LL_RCC_IC9_IsEnabled	4	static
../../Drivers/STM32N6xx_HAL_Driver/Inc/stm32n6xx_ll_rcc.h:7048:26:LL_RCC_IC9_GetSource	4	static
../../Drivers/STM32N6xx_HAL_Driver/Inc/stm32n6xx_ll_rcc.h:7069:26:LL_RCC_IC9_GetDivider	4	static
../../Drivers/STM32N6xx_HAL_Driver/Inc/stm32n6xx_ll_rcc.h:7099:26:LL_RCC_IC10_IsEnabled	4	static
../../Drivers/STM32N6xx_HAL_Driver/Inc/stm32n6xx_ll_rcc.h:7128:26:LL_RCC_IC10_GetSource	4	static
../../Drivers/STM32N6xx_HAL_Driver/Inc/stm32n6xx_ll_rcc.h:7149:26:LL_RCC_IC10_GetDivider	4	static
../../Drivers/STM32N6xx_HAL_Driver/Inc/stm32n6xx_ll_rcc.h:7259:26:LL_RCC_IC12_IsEnabled	4	static
../../Drivers/STM32N6xx_HAL_Driver/Inc/stm32n6xx_ll_rcc.h:7288:26:LL_RCC_IC12_GetSource	4	static
../../Drivers/STM32N6xx_HAL_Driver/Inc/stm32n6xx_ll_rcc.h:7309:26:LL_RCC_IC12_GetDivider	4	static
../../Drivers/STM32N6xx_HAL_Driver/Inc/stm32n6xx_ll_rcc.h:7339:26:LL_RCC_IC13_IsEnabled	4	static
../../Drivers/STM32N6xx_HAL_Driver/Inc/stm32n6xx_ll_rcc.h:7368:26:LL_RCC_IC13_GetSource	4	static
../../Drivers/STM32N6xx_HAL_Driver/Inc/stm32n6xx_ll_rcc.h:7389:26:LL_RCC_IC13_GetDivider	4	static
../../Drivers/STM32N6xx_HAL_Driver/Inc/stm32n6xx_ll_rcc.h:7419:26:LL_RCC_IC14_IsEnabled	4	static
../../Drivers/STM32N6xx_HAL_Driver/Inc/stm32n6xx_ll_rcc.h:7448:26:LL_RCC_IC14_GetSource	4	static
../../Drivers/STM32N6xx_HAL_Driver/Inc/stm32n6xx_ll_rcc.h:7469:26:LL_RCC_IC14_GetDivider	4	static
../../Drivers/STM32N6xx_HAL_Driver/Inc/stm32n6xx_ll_rcc.h:7499:26:LL_RCC_IC15_IsEnabled	4	static
../../Drivers/STM32N6xx_HAL_Driver/Inc/stm32n6xx_ll_rcc.h:7528:26:LL_RCC_IC15_GetSource	4	static
../../Drivers/STM32N6xx_HAL_Driver/Inc/stm32n6xx_ll_rcc.h:7549:26:LL_RCC_IC15_GetDivider	4	static
../../Drivers/STM32N6xx_HAL_Driver/Inc/stm32n6xx_ll_rcc.h:7579:26:LL_RCC_IC16_IsEnabled	4	static
../../Drivers/STM32N6xx_HAL_Driver/Inc/stm32n6xx_ll_rcc.h:7608:26:LL_RCC_IC16_GetSource	4	static
../../Drivers/STM32N6xx_HAL_Driver/Inc/stm32n6xx_ll_rcc.h:7629:26:LL_RCC_IC16_GetDivider	4	static
../../Drivers/STM32N6xx_HAL_Driver/Inc/stm32n6xx_ll_rcc.h:7659:26:LL_RCC_IC17_IsEnabled	4	static
../../Drivers/STM32N6xx_HAL_Driver/Inc/stm32n6xx_ll_rcc.h:7688:26:LL_RCC_IC17_GetSource	4	static
../../Drivers/STM32N6xx_HAL_Driver/Inc/stm32n6xx_ll_rcc.h:7709:26:LL_RCC_IC17_GetDivider	4	static
../../Drivers/STM32N6xx_HAL_Driver/Inc/stm32n6xx_ll_rcc.h:7819:26:LL_RCC_IC19_IsEnabled	4	static
../../Drivers/STM32N6xx_HAL_Driver/Inc/stm32n6xx_ll_rcc.h:7848:26:LL_RCC_IC19_GetSource	4	static
../../Drivers/STM32N6xx_HAL_Driver/Inc/stm32n6xx_ll_rcc.h:7869:26:LL_RCC_IC19_GetDivider	4	static
../../Drivers/STM32N6xx_HAL_Driver/Inc/stm32n6xx_ll_rcc.h:7899:26:LL_RCC_IC20_IsEnabled	4	static
../../Drivers/STM32N6xx_HAL_Driver/Inc/stm32n6xx_ll_rcc.h:7928:26:LL_RCC_IC20_GetSource	4	static
../../Drivers/STM32N6xx_HAL_Driver/Inc/stm32n6xx_ll_rcc.h:7949:26:LL_RCC_IC20_GetDivider	4	static
/Users/milanvdm/dev/personal/stm32/edge-anpr/Drivers/STM32N6xx_HAL_Driver/Src/stm32n6xx_ll_rcc.c:169:6:LL_RCC_DeInit	8	static
/Users/milanvdm/dev/personal/stm32/edge-anpr/Drivers/STM32N6xx_HAL_Driver/Src/stm32n6xx_ll_rcc.c:333:6:LL_RCC_GetSystemClocksFreq	16	static
/Users/milanvdm/dev/personal/stm32/edge-anpr/Drivers/STM32N6xx_HAL_Driver/Src/stm32n6xx_ll_rcc.c:361:10:LL_RCC_GetCpuClockFreq	16	static
/Users/milanvdm/dev/personal/stm32/edge-anpr/Drivers/STM32N6xx_HAL_Driver/Src/stm32n6xx_ll_rcc.c:420:10:LL_RCC_GetSystemClockFreq	16	static
/Users/milanvdm/dev/personal/stm32/edge-anpr/Drivers/STM32N6xx_HAL_Driver/Src/stm32n6xx_ll_rcc.c:480:10:LL_RCC_GetPLL1ClockFreq	48	static
/Users/milanvdm/dev/personal/stm32/edge-anpr/Drivers/STM32N6xx_HAL_Driver/Src/stm32n6xx_ll_rcc.c:554:10:LL_RCC_GetPLL2ClockFreq	48	static
/Users/milanvdm/dev/personal/stm32/edge-anpr/Drivers/STM32N6xx_HAL_Driver/Src/stm32n6xx_ll_rcc.c:628:10:LL_RCC_GetPLL3ClockFreq	48	static
/Users/milanvdm/dev/personal/stm32/edge-anpr/Drivers/STM32N6xx_HAL_Driver/Src/stm32n6xx_ll_rcc.c:702:10:LL_RCC_GetPLL4ClockFreq	48	static
/Users/milanvdm/dev/personal/stm32/edge-anpr/Drivers/STM32N6xx_HAL_Driver/Src/stm32n6xx_ll_rcc.c:783:10:LL_RCC_CalcPLLClockFreq	32	static
/Users/milanvdm/dev/personal/stm32/edge-anpr/Drivers/STM32N6xx_HAL_Driver/Src/stm32n6xx_ll_rcc.c:803:10:LL_RCC_GetADCClockFreq	32	static
/Users/milanvdm/dev/personal/stm32/edge-anpr/Drivers/STM32N6xx_HAL_Driver/Src/stm32n6xx_ll_rcc.c:916:10:LL_RCC_GetADFClockFreq	32	static
/Users/milanvdm/dev/personal/stm32/edge-anpr/Drivers/STM32N6xx_HAL_Driver/Src/stm32n6xx_ll_rcc.c:1029:10:LL_RCC_GetCLKPClockFreq	24	static
/Users/milanvdm/dev/personal/stm32/edge-anpr/Drivers/STM32N6xx_HAL_Driver/Src/stm32n6xx_ll_rcc.c:1217:10:LL_RCC_GetDCMIPPClockFreq	24	static
/Users/milanvdm/dev/personal/stm32/edge-anpr/Drivers/STM32N6xx_HAL_Driver/Src/stm32n6xx_ll_rcc.c:1286:10:LL_RCC_GetETHClockFreq	24	static
/Users/milanvdm/dev/personal/stm32/edge-anpr/Drivers/STM32N6xx_HAL_Driver/Src/stm32n6xx_ll_rcc.c:1355:10:LL_RCC_GetETHPTPClockFreq	24	static
/Users/milanvdm/dev/personal/stm32/edge-anpr/Drivers/STM32N6xx_HAL_Driver/Src/stm32n6xx_ll_rcc.c:1430:10:LL_RCC_GetFDCANClockFreq	24	static
/Users/milanvdm/dev/personal/stm32/edge-anpr/Drivers/STM32N6xx_HAL_Driver/Src/stm32n6xx_ll_rcc.c:1496:10:LL_RCC_GetFMCClockFreq	24	static
/Users/milanvdm/dev/personal/stm32/edge-anpr/Drivers/STM32N6xx_HAL_Driver/Src/stm32n6xx_ll_rcc.c:1587:10:LL_RCC_GetI2CClockFreq	24	static
/Users/milanvdm/dev/personal/stm32/edge-anpr/Drivers/STM32N6xx_HAL_Driver/Src/stm32n6xx_ll_rcc.c:1711:10:LL_RCC_GetI3CClockFreq	24	static
/Users/milanvdm/dev/personal/stm32/edge-anpr/Drivers/STM32N6xx_HAL_Driver/Src/stm32n6xx_ll_rcc.c:1826:10:LL_RCC_GetLPTIMClockFreq	32	static
/Users/milanvdm/dev/personal/stm32/edge-anpr/Drivers/STM32N6xx_HAL_Driver/Src/stm32n6xx_ll_rcc.c:1933:10:LL_RCC_GetLPUARTClockFreq	24	static
/Users/milanvdm/dev/personal/stm32/edge-anpr/Drivers/STM32N6xx_HAL_Driver/Src/stm32n6xx_ll_rcc.c:2042:10:LL_RCC_GetLTDCClockFreq	24	static
/Users/milanvdm/dev/personal/stm32/edge-anpr/Drivers/STM32N6xx_HAL_Driver/Src/stm32n6xx_ll_rcc.c:2111:10:LL_RCC_GetMDFClockFreq	32	static
/Users/milanvdm/dev/personal/stm32/edge-anpr/Drivers/STM32N6xx_HAL_Driver/Src/stm32n6xx_ll_rcc.c:2225:10:LL_RCC_GetOTGPHYClockFreq	24	static
/Users/milanvdm/dev/personal/stm32/edge-anpr/Drivers/STM32N6xx_HAL_Driver/Src/stm32n6xx_ll_rcc.c:2309:10:LL_RCC_GetOTGPHYCKREFClockFreq	24	static
/Users/milanvdm/dev/personal/stm32/edge-anpr/Drivers/STM32N6xx_HAL_Driver/Src/stm32n6xx_ll_rcc.c:2356:10:LL_RCC_GetPSSIClockFreq	24	static
/Users/milanvdm/dev/personal/stm32/edge-anpr/Drivers/STM32N6xx_HAL_Driver/Src/stm32n6xx_ll_rcc.c:2426:10:LL_RCC_GetSAIClockFreq	24	static
/Users/milanvdm/dev/personal/stm32/edge-anpr/Drivers/STM32N6xx_HAL_Driver/Src/stm32n6xx_ll_rcc.c:2548:10:LL_RCC_GetSDMMCClockFreq	24	static
/Users/milanvdm/dev/personal/stm32/edge-anpr/Drivers/STM32N6xx_HAL_Driver/Src/stm32n6xx_ll_rcc.c:2643:10:LL_RCC_GetSPDIFRXClockFreq	24	static
/Users/milanvdm/dev/personal/stm32/edge-anpr/Drivers/STM32N6xx_HAL_Driver/Src/stm32n6xx_ll_rcc.c:2757:10:LL_RCC_GetSPIClockFreq	24	static
/Users/milanvdm/dev/personal/stm32/edge-anpr/Drivers/STM32N6xx_HAL_Driver/Src/stm32n6xx_ll_rcc.c:2945:10:LL_RCC_GetUARTClockFreq	24	static
/Users/milanvdm/dev/personal/stm32/edge-anpr/Drivers/STM32N6xx_HAL_Driver/Src/stm32n6xx_ll_rcc.c:3092:10:LL_RCC_GetUSARTClockFreq	24	static
/Users/milanvdm/dev/personal/stm32/edge-anpr/Drivers/STM32N6xx_HAL_Driver/Src/stm32n6xx_ll_rcc.c:3238:10:LL_RCC_GetXSPIClockFreq	24	static
/Users/milanvdm/dev/personal/stm32/edge-anpr/Drivers/STM32N6xx_HAL_Driver/Src/stm32n6xx_ll_rcc.c:3344:17:RCC_GetHCLKClockFreq	16	static
/Users/milanvdm/dev/personal/stm32/edge-anpr/Drivers/STM32N6xx_HAL_Driver/Src/stm32n6xx_ll_rcc.c:3355:17:RCC_GetPCLK1ClockFreq	16	static
/Users/milanvdm/dev/personal/stm32/edge-anpr/Drivers/STM32N6xx_HAL_Driver/Src/stm32n6xx_ll_rcc.c:3366:17:RCC_GetPCLK2ClockFreq	16	static
/Users/milanvdm/dev/personal/stm32/edge-anpr/Drivers/STM32N6xx_HAL_Driver/Src/stm32n6xx_ll_rcc.c:3377:17:RCC_GetPCLK4ClockFreq	16	static
/Users/milanvdm/dev/personal/stm32/edge-anpr/Drivers/STM32N6xx_HAL_Driver/Src/stm32n6xx_ll_rcc.c:3388:17:RCC_GetPCLK5ClockFreq	16	static
