../../Drivers/STM32N6xx_HAL_Driver/Inc/stm32n6xx_ll_bus.h:879:22:LL_AHB1_GRP1_EnableClock	24	static
../../Drivers/STM32N6xx_HAL_Driver/Inc/stm32n6xx_ll_bus.h:911:22:LL_AHB1_GRP1_DisableClock	16	static
../../Drivers/STM32N6xx_HAL_Driver/Inc/stm32n6xx_ll_bus.h:1009:22:LL_AHB2_GRP1_EnableClock	24	static
../../Drivers/STM32N6xx_HAL_Driver/Inc/stm32n6xx_ll_bus.h:1045:22:LL_AHB2_GRP1_DisableClock	16	static
../../Drivers/STM32N6xx_HAL_Driver/Inc/stm32n6xx_ll_bus.h:1407:22:LL_AHB4_GRP1_EnableClock	24	static
../../Drivers/STM32N6xx_HAL_Driver/Inc/stm32n6xx_ll_bus.h:1449:26:LL_AHB4_GRP1_IsEnabledClock	16	static
../../Drivers/STM32N6xx_HAL_Driver/Inc/stm32n6xx_ll_bus.h:1487:22:LL_AHB4_GRP1_DisableClock	16	static
../../Drivers/STM32N6xx_HAL_Driver/Inc/stm32n6xx_ll_bus.h:1755:22:LL_AHB5_GRP1_EnableClock	24	static
../../Drivers/STM32N6xx_HAL_Driver/Inc/stm32n6xx_ll_bus.h:1891:22:LL_AHB5_GRP1_DisableClock	16	static
../../Drivers/STM32N6xx_HAL_Driver/Inc/stm32n6xx_ll_bus.h:2273:22:LL_APB1_GRP1_EnableClock	24	static
../../Drivers/STM32N6xx_HAL_Driver/Inc/stm32n6xx_ll_bus.h:2403:22:LL_APB1_GRP1_DisableClock	16	static
../../Drivers/STM32N6xx_HAL_Driver/Inc/stm32n6xx_ll_bus.h:2909:22:LL_APB2_GRP1_EnableClock	24	static
../../Drivers/STM32N6xx_HAL_Driver/Inc/stm32n6xx_ll_bus.h:2997:22:LL_APB2_GRP1_DisableClock	16	static
../Core/Src/stm32n6xx_hal_msp.c:63:6:HAL_MspInit	8	static
../Core/Src/stm32n6xx_hal_msp.c:91:6:HAL_ADC_MspInit	440	static
../Core/Src/stm32n6xx_hal_msp.c:137:6:HAL_ADC_MspDeInit	16	static
../Core/Src/stm32n6xx_hal_msp.c:165:6:HAL_I2C_MspInit	440	static
../Core/Src/stm32n6xx_hal_msp.c:252:6:HAL_I2C_MspDeInit	16	static
../Core/Src/stm32n6xx_hal_msp.c:303:6:HAL_MDF_MspInit	440	static
../Core/Src/stm32n6xx_hal_msp.c:352:6:HAL_MDF_MspDeInit	16	static
../Core/Src/stm32n6xx_hal_msp.c:382:6:HAL_SD_MspInit	440	static
../Core/Src/stm32n6xx_hal_msp.c:429:6:HAL_SD_MspDeInit	16	static
../Core/Src/stm32n6xx_hal_msp.c:457:6:HAL_UART_MspInit	440	static
../Core/Src/stm32n6xx_hal_msp.c:505:6:HAL_UART_MspDeInit	16	static
../Core/Src/stm32n6xx_hal_msp.c:534:6:HAL_HCD_MspInit	416	static
../Core/Src/stm32n6xx_hal_msp.c:580:6:HAL_HCD_MspDeInit	16	static
../Core/Src/stm32n6xx_hal_msp.c:616:6:HAL_XSPI_MspInit	440	static
../Core/Src/stm32n6xx_hal_msp.c:748:6:HAL_XSPI_MspDeInit	16	static
../Core/Src/stm32n6xx_hal_msp.c:835:6:HAL_SAI_MspInit	440	static
../Core/Src/stm32n6xx_hal_msp.c:913:6:HAL_SAI_MspDeInit	16	static
